I'm sorry, but errors were detected in your script. Please correct the
errors listed below, and try again.


File "game/screens.rpy", line 403: expected a keyword argument or end of line.
    at zoom 0.75
            ^

Ren'Py Version: Ren'Py 6.99.12.4.2187
